Turbo Assembler	 Version 4.1	    15/10/11 21:26:42	    Page 1
C:\Users\ADMINI~1\Desktop\新建文~1\微机实~1.30\10EF81~1.31\task22.ASM



      1	0000				     DATA  SEGMENT
      2	0000  1234			       A1  DW	     1234H
      3	0002  38 56 41 42 43 44			   DB	     56,56H,"ABCD"
      4	0008				     DATA  ENDS
      5
      6	0000				    EXTRA  SEGMENT
      7	0000  01 02 03 04 05		       B1  DB	     1,2,3,4,5
      8	0005				    EXTRA  ENDS
      9
     10	0000				   STACK1  SEGMENT
     11	0000  20*(??)			      BTM  DB	     32	DUP(?)
     12	0020				   STACK1  ENDS
     13
     14	0000				     CODE  SEGMENT
     15						   ASSUME    CS:CODE,DS:DATA,ES:EXTRA,SS:STACK1
     16	0000  B8 0000s			   START:  MOV	     AX,DATA
     17	0003  8E D8				   MOV	     DS,AX
     18	0005  B8 0000s				   MOV	     AX,EXTRA
     19	0008  8E C0				   MOV	     ES,AX
     20	000A  B8 0000s				   MOV	     AX,STACK1
     21	000D  8E D0				   MOV	     SS,AX
     22	000F  BC 0020				   MOV	     SP,SIZE BTM
     23	0012  A1 0001r				   MOV	     AX,A1+1
     24	0015  BD 0000r				   MOV	     BP,OFFSET A1
     25	0018  8B 46 00				   MOV	     AX,[BP]
     26	001B  3E: 8B 46	00			   MOV	     AX,DS:[BP]
     27	001F  26: 8B 46	00			   MOV	     AX,ES:[BP]
     28	0023  BB 0000r				   MOV	     BX,OFFSET A1
     29	0026  8B 47 03				   MOV	     AX,[BX+3]
     30	0029  26: 8B 47	03			   MOV	     AX,ES:[BX+3]
     31	002D  50				   PUSH	     AX
     32	002E  5B				   POP	     BX
     33	002F  B4 4C				   MOV	     AH,4CH
     34	0031  CD 21				   INT	     21H
     35	0033				     CODE  ENDS
     36						   END	     START
Turbo Assembler	 Version 4.1	    15/10/11 21:26:42	    Page 2
Symbol Table




Symbol Name		Type   Value			   Cref	(defined at #)

??DATE			Text   "15/10/11"
??FILENAME		Text   "task22	"
??TIME			Text   "21:26:42"
??VERSION		Number 040A
@CPU			Text   0101H
@CURSEG			Text   CODE			   #1  #6  #10	#14
@FILENAME		Text   TASK22
@WORDSIZE		Text   2			   #1  #6  #10	#14
A1			Word   DATA:0000		   #2  23  24  28
B1			Byte   EXTRA:0000		   #7
BTM			Byte   STACK1:0000		   #11	22
START			Near   CODE:0000		   #16	36

Groups & Segments	Bit Size Align	Combine	Class	   Cref	(defined at #)

CODE			16  0033 Para	none		   #14	15
DATA			16  0008 Para	none		   #1  15  16
EXTRA			16  0005 Para	none		   #6  15  18
STACK1			16  0020 Para	none		   #10	15  20
